> afrotools@1.0.0 seo:report
> node scripts/seo-daily-fix.js --report


[1mAfroTools SEO Daily Fix — 2026-09-08[0m

Mode: report

[1m── Auto-fixes available ──────────────────────────────────[0m
  Canonical files fixed:     0
  Canonical attrs fixed:     0
  og:url files fixed:        0
  og:url attrs fixed:        0
  JSON-LD files fixed:       0
  JSON-LD blocks fixed:      0
  Hreflang files fixed:      0
  Hreflang attrs fixed:      0
  Sitemap <loc> fixed:       0
  Sitemap hreflang fixed:    0
  Sitemap <lastmod> updated: 0

[1m── Remaining issues (manual review) ────────────────────[0m
  [32mMissing canonical tags: 0[0m
  [32mMissing <title> tags: 0[0m
  [32mMissing meta descriptions: 0[0m
  [32mRemaining hreflang violations: 0[0m
  [32m/fr/ homepage broken links (no static file — verify _redirects): 0[0m
  [32mNoindex pages skipped from metadata report: 1573[0m

[1m── Summary ─────────────────────────────────────────────[0m
  [32m✓ No auto-fixes needed — site is clean.[0m
