✔ scheduled-fetch-agri-inputs.js propagates persistence failure (5.2167ms)
✔ scheduled-fetch-agri-inputs.js propagates persistence success (1.8331ms)
✔ scheduled-fetch-commodity-prices.js propagates persistence failure (2.8641ms)
✔ scheduled-fetch-commodity-prices.js propagates persistence success (1.654ms)
✔ scheduled-fetch-crypto.js propagates persistence failure (1.8333ms)
✔ scheduled-fetch-crypto.js propagates persistence success (1.5652ms)
✔ scheduled-fetch-electricity-tariffs.js propagates persistence failure (1.9499ms)
✔ scheduled-fetch-electricity-tariffs.js propagates persistence success (1.7113ms)
✔ scheduled-fetch-fuel-prices.js propagates persistence failure (2.1199ms)
✔ scheduled-fetch-fuel-prices.js propagates persistence success (1.9695ms)
✔ scheduled-fetch-insurance.js propagates persistence failure (1.8593ms)
✔ scheduled-fetch-insurance.js propagates persistence success (1.7987ms)
✔ scheduled-fetch-property.js propagates persistence failure (1.9439ms)
✔ scheduled-fetch-property.js propagates persistence success (1.7054ms)
✔ scheduled-fetch-salaries.js propagates persistence failure (1.9628ms)
✔ scheduled-fetch-salaries.js propagates persistence success (1.9237ms)
✔ scheduled-fetch-shipping.js propagates persistence failure (2.7895ms)
✔ scheduled-fetch-shipping.js propagates persistence success (1.58ms)
✔ scheduled-fetch-stocks.js propagates persistence failure (1.6873ms)
✔ scheduled-fetch-stocks.js propagates persistence success (1.6506ms)
✔ scheduled-fetch-telecom-plans.js propagates persistence failure (1.9605ms)
✔ scheduled-fetch-telecom-plans.js propagates persistence success (2.2941ms)
✔ shared failure stays non-success if failure metadata and log persistence throw (3.1172ms)
✔ a thrown run logger cannot turn failed persistence into success (1.6581ms)
✔ rates producer failed preserves the persistence contract (1.954ms)
✔ rates producer failed-metadata preserves the persistence contract (0.9698ms)
✔ rates producer success preserves the persistence contract (0.9787ms)
✔ transport failure is sanitized as ENOTFOUND without changing fallback/write behavior (81.9301ms)
✔ transport failure is sanitized as CERT_HAS_EXPIRED without changing fallback/write behavior (2.1246ms)
✔ transport failure is sanitized as ABORTED without changing fallback/write behavior (2.0665ms)
✔ transport failure is sanitized as TIMEOUT without changing fallback/write behavior (1.9488ms)
✔ transport failure is sanitized as UNKNOWN without changing fallback/write behavior (1.9371ms)
✔ HTTP failures do not read or log response bodies (2.9794ms)
✔ contract rejection retains old data without attempting persistence (1.0783ms)
✔ malformed snapshot JSON cannot expose its body through the refresh error (1.0949ms)
✔ successful supabase persistence keeps the existing store boolean contract (1.0655ms)
✔ successful blob persistence keeps the existing store boolean contract (1.0351ms)
ℹ tests 37
ℹ suites 0
ℹ pass 37
ℹ fail 0
ℹ cancelled 0
ℹ skipped 0
ℹ todo 0
ℹ duration_ms 273.5438
