
> afrotools@1.0.0 audit
> node scripts/audit-tools.js

=== RAW REGISTRY STATUS COUNTS (INCLUDES REDIRECT ALIASES) ===
  live: 3622
  new: 72
  TOTAL: 3694

=== RAW REGISTRY ROWS BY CATEGORY (INCLUDES REDIRECT ALIASES) ===
  financial: 512
  agriculture: 508
  legal: 292
  ecommerce: 248
  energy: 160
  hr-payroll: 154
  african: 147
  insurance: 146
  education: 141
  document-pdf: 124
  health: 122
  creative: 114
  government: 101
  fintech: 85
  developer: 83
  small-business: 83
  image-design: 82
  trade: 68
  engineering: 67
  religious-cultural: 61
  telecom: 59
  transport: 56
  sports: 45
  language: 39
  data-productivity: 38
  travel-tourism: 32
  climate: 32
  personal-finance: 30
  security: 22
  career: 18
  mining: 18
  diaspora: 7

=== LIVE/NEW TOOLS WITH PAGES ===
  Found: 3694
  Missing page: 0

=== TOOLS WITH app.html (full functional apps) ===
  Count: 84
  ajo-chama
  school-fees
  cover-letter
  meeting-minutes
  business-plan
  afrodraft
  boq-generator
  contract-gen
  compte-rendu-reunion-fr
  facture-createur-fr
  page-createur-fr
  hashtags-createur-fr
  legendes-createur-fr
  bio-createur-fr
  calendrier-createur-fr
  stats-createur-fr
  generateur-lettre-motivation-fr
  plan-affaires-fr
  zana-kalenda-ya-mtayarishi-sw
  zana-caption-za-maudhui-sw
  creator-analytics
  creator-bios
  creator-brand
  creator-calendar
  creator-canvas
  creator-captions
  creator-carousel
  creator-clip
  creator-club
  creator-course
  creator-desk
  creator-hashtags
  creator-hooks
  creator-invoice
  creator-kit
  creator-mail
  creator-mind
  creator-money
  creator-page
  creator-polish
  creator-pricing
  creator-record
  creator-repurpose
  creator-research
  creator-resize
  creator-schedule
  creator-scripts
  creator-split
  creator-stock
  creator-team
  creator-thumb
  creator-titles
  creator-voice
  zana-afrodraft-cad-sw
  zana-bio-za-mitandao-sw
  zana-brand-kit-ya-mtayarishi-sw
  zana-canvas-ya-mtayarishi-sw
  zana-takwimu-za-mtayarishi-sw-finish
  creator-brand-fr-coverage-creator-brand
  creator-canvas-fr-coverage-creator-canvas
  creator-carousel-fr-coverage-creator-carousel
  creator-clip-fr-coverage-creator-clip
  creator-club-fr-coverage-creator-club
  creator-course-fr-coverage-creator-course
  creator-desk-fr-coverage-creator-desk
  creator-hooks-fr-coverage-creator-hooks
  creator-kit-fr-coverage-creator-kit
  creator-mail-fr-coverage-creator-mail
  creator-mind-fr-coverage-creator-mind
  creator-money-fr-coverage-creator-money
  creator-polish-fr-coverage-creator-polish
  creator-pricing-fr-coverage-creator-pricing
  creator-record-fr-coverage-creator-record
  creator-repurpose-fr-coverage-creator-repurpose
  creator-research-fr-coverage-creator-research
  creator-resize-fr-coverage-creator-resize
  creator-schedule-fr-coverage-creator-schedule
  creator-scripts-fr-coverage-creator-scripts
  creator-split-fr-coverage-creator-split
  creator-stock-fr-coverage-creator-stock
  creator-team-fr-coverage-creator-team
  creator-thumb-fr-coverage-creator-thumb
  creator-titles-fr-coverage-creator-titles
  creator-voice-fr-coverage-creator-voice

=== RECOMMENDATION ===
  Raw registry rows: 3694
  Explicit redirect aliases: 7
  Canonical published tool records: 3686
  Canonical published English records: 1256
  Expanded live tool experiences: 2611
  3694 live/new registry rows have landing pages
  84 have full working apps (app.html)
  Public headline selector: tools.live_experiences = 2,611
